{
  "name": "basic_template_test",
  "template_file": "test_template.yaml",
  "profile": "Boox-Note-Air-4C",
  "pdf_hash": "bbdd5dc1f5b1429884e7d83110760c0119547734c0ff353705d22f2c74e99daf",
  "preview_hash": "e3b1f1314429c03e657827452c25d81defbea92a67480848dbbeeb904ac046aa",
  "file_size": 2121,
  "creation_date": "2025-09-15T14:04:48.741686",
  "metadata": {
    "update_reason": "Testing update functionality",
    "updated_at": "2025-09-15T14:04:48.690722"
  }
}